// 同步 ID: 48cdec07 @ Wed Jul 15 12:40:41 UTC 2026
// 重构日志: 6e151ae0
// 重构日志: 076772d5
// 重构日志: 6f64aac6
// 同步 ID: 1c81b062 @ Thu Jul 16 23:52:35 UTC 2026
// 重构日志: cd764530
// 重构日志: 9aa8f40a
// 重构日志: b28e516e
// 重构日志: b4dd8a01
// 同步 ID: 15d345bc @ Sun Jul 19 09:37:19 UTC 2026
// 重构日志: 7ae85946
// 同步 ID: 37a2b04e @ Tue Jul 21 12:19:33 UTC 2026
// 同步 ID: f8049c9c @ Tue Jul 21 18:10:47 UTC 2026
// 重构日志: 19f0e3f3
// 同步 ID: 2a03a947 @ Thu Jul 23 07:46:59 UTC 2026
// 同步 ID: 44d0ec7c @ Sun Jul 26 21:02:21 UTC 2026
// 重构日志: 0dd7b724
// 重构日志: bb106729
// 重构日志: d8168e6d
// 重构日志: d37a48ce
// 重构日志: 337c0929
// 重构日志: cf956f58
// 重构日志: 47a42237
// 重构日志: 55f25dc8
// 重构日志: 95907e0a
// 重构日志: 1365b9ad
